                     [1;38;2;222;147;95m▲ BLOCKED BY (must complete first) ▲[m                     
                             [38;2;181;189;104m╭──────────────────╮[m                             
                             [38;2;181;189;104m│[m      [38;2;181;189;104m🔵 n6[m       [38;2;181;189;104m│[m                             
                             [38;2;181;189;104m│[m        [38;2;181;189;104mn6[m        [38;2;181;189;104m│[m                             
                             [38;2;181;189;104m╰──────────────────╯[m                             
                                      [38;2;150;152;150m│[m                                       
                                      [38;2;150;152;150m│[m                                       
                                      [38;2;150;152;150m▼[m                                       
                   [38;2;138;190;183m╔═════════════════════════════════════╗[m                    
                   [38;2;138;190;183m║[m             [1;38;2;138;190;183m🔵 ⚡ 📝 n5[m             [38;2;138;190;183m║[m                    
                   [38;2;138;190;183m║[m                 [1;38;2;138;190;183mn5[m                  [38;2;138;190;183m║[m                    
                   [38;2;138;190;183m║[m               [1;38;2;138;190;183m⬆1  ⬇1[m                [38;2;138;190;183m║[m                    
                   [38;2;138;190;183m╚═════════════════════════════════════╝[m                    
                                      [38;2;150;152;150m│[m                                       
                                      [38;2;150;152;150m│[m                                       
                                      [38;2;150;152;150m▼[m                                       
                             [38;2;181;189;104m╭──────────────────╮[m                             
                             [38;2;181;189;104m│[m      [38;2;181;189;104m🔵 n4[m       [38;2;181;189;104m│[m                             
                             [38;2;181;189;104m│[m        [38;2;181;189;104mn4[m        [38;2;181;189;104m│[m                             
                             [38;2;181;189;104m╰──────────────────╯[m                             
                         [1;38;2;222;147;95m▼ BLOCKS (waiting on this) ▼[m                         

[48;2;138;190;183m  [m[1;38;2;197;200;198;48;2;138;190;183m📊 GRAPH METRICS[m[48;2;138;190;183m  [m[48;2;138;190;183m                                                      [m
[38;2;55;59;65m──────────────────────────────────────────────────────────────────────────[m
 [1;38;2;138;190;183mImportance[m 
  [38;2;150;152;150mCritical Path[m      [1;38;2;197;200;198m6.00[m [38;2;222;147;95m███░░░[m [38;2;222;147;95m#5[m
  [38;2;150;152;150mPageRank[m         [1;38;2;197;200;198m0.1143[m [38;2;181;189;104m████░░[m [38;2;222;147;95m#5[m
  [38;2;150;152;150mEigenvector[m      [1;38;2;197;200;198m0.0000[m [38;2;150;152;150m░░░░░░[m [38;2;150;152;150m#7[m

 [1;38;2;138;190;183mFlow & Connectivity[m 
  [38;2;150;152;150mBetweenness[m       [1;38;2;197;200;198m20.00[m [38;2;181;189;104m██████[m [38;2;129;162;190m#2[m
  [38;2;150;152;150mHub Score[m        [1;38;2;197;200;198m0.3333[m [38;2;181;189;104m██████[m [38;2;150;152;150m#6[m
  [38;2;150;152;150mAuthority[m        [1;38;2;197;200;198m0.3333[m [38;2;181;189;104m██████[m [38;2;222;147;95m#5[m

 [1;38;2;138;190;183mConnections[m 
  [38;2;150;152;150mIn-Degree[m             [1;38;2;197;200;198m1[m [38;2;181;189;104m██████[m [38;2;222;147;95m#5[m
  [38;2;150;152;150mOut-Degree[m            [1;38;2;197;200;198m1[m [38;2;181;189;104m██████[m [38;2;150;152;150m#6[m

[3;38;2;150;152;150m█ relative score │ #N rank of 10 issues[m                                   

[3;38;2;150;152;150mj/k: navigate • enter: view details • g: back to list[m